// Jest Snapshot v1, https://goo.gl/fbAQLP

exports[`renders 1`] = `
<div
  className="home-main"
>
  <h1>
    Welcome to Calculator App!
  </h1>
  <h2>
    Let us Do some Math!
  </h2>
</div>
`;
